../Core/Src/ModbusRTU.c:21:6:modbus_1t5_Timeout	4	static
../Core/Src/ModbusRTU.c:29:6:modbus_3t5_Timeout	16	static
../Core/Src/ModbusRTU.c:34:6:modbus_ErrorTimeout	16	static
../Core/Src/ModbusRTU.c:44:6:Modbus_init	16	static
../Core/Src/ModbusRTU.c:107:16:CRC16	32	static
../Core/Src/ModbusRTU.c:125:6:Modbus_Protocal_Worker	16	static
../Core/Src/ModbusRTU.c:216:6:Modbus_frame_response	8	static
../Core/Src/ModbusRTU.c:232:6:modbusWrite1Register	16	static
../Core/Src/ModbusRTU.c:251:6:modbusRead1Register	24	static
../Core/Src/ModbusRTU.c:279:6:ModbusErrorReply	16	static
../Core/Src/ModbusRTU.c:286:6:Modbus_Emission	16	static
