../Core/Inc/BaseSystem.h:29:6:Heartbeat	24	static
../Core/Inc/BaseSystem.h:41:6:Routine	24	static
../Core/Inc/BaseSystem.h:59:6:VacuumOn_Off	4	static
../Core/Inc/BaseSystem.h:68:6:Gripper_Movement	4	static
../Core/Inc/BaseSystem.h:77:6:Set_Shelves	4	static
../Core/Inc/BaseSystem.h:96:6:GetGoalPoint	4	static
../Core/Inc/BaseSystem.h:102:6:RunPointMode	4	static
../Core/Inc/BaseSystem.h:115:6:SetHome	4	static
../Core/Inc/BaseSystem.h:128:6:GetPick_PlaceOrder	4	static
../Core/Inc/BaseSystem.h:135:6:RunJogMode	4	static
../Core/Src/main.c:74:5:main	8	static
../Core/Src/main.c:131:6:SystemClock_Config	88	static
../Core/Src/main.c:178:13:MX_TIM16_Init	8	static
../Core/Src/main.c:214:13:MX_USART2_UART_Init	8	static
../Core/Src/main.c:260:13:MX_DMA_Init	16	static
../Core/Src/main.c:282:13:MX_GPIO_Init	48	static
../Core/Src/main.c:327:6:Error_Handler	4	static,ignoring_inline_asm
