../Core/Inc/BaseSystem.h:27:6:Heartbeat	24	static
../Core/Inc/BaseSystem.h:39:6:Routine	24	static
../Core/Inc/BaseSystem.h:58:6:VacuumOn_Off	4	static
../Core/Inc/BaseSystem.h:67:6:Gripper_Movement	4	static
../Core/Inc/BaseSystem.h:76:6:Set_Shelves	4	static
../Core/Inc/BaseSystem.h:90:6:GetGoalPoint	4	static
../Core/Inc/BaseSystem.h:96:6:RunPointMode	4	static
../Core/Inc/BaseSystem.h:106:6:SetHome	4	static
../Core/Inc/BaseSystem.h:115:6:GetPick_PlaceOrder	4	static
../Core/Inc/BaseSystem.h:122:6:RunJogMode	4	static
../Core/Src/main.c:74:5:main	8	static
../Core/Src/main.c:129:6:SystemClock_Config	88	static
../Core/Src/main.c:176:13:MX_TIM16_Init	8	static
../Core/Src/main.c:212:13:MX_USART2_UART_Init	8	static
../Core/Src/main.c:258:13:MX_DMA_Init	16	static
../Core/Src/main.c:280:13:MX_GPIO_Init	48	static
../Core/Src/main.c:325:6:Error_Handler	4	static,ignoring_inline_asm
